// Jest Snapshot v1, https://goo.gl/fbAQLP

exports[`Simulator renders correctly 1`] = `
<div>
  <Modal
    autoFocus={true}
    backdrop={true}
    backdropTransition={
      Object {
        "mountOnEnter": true,
        "timeout": 150,
      }
    }
    centered={false}
    color="success"
    fade={true}
    isOpen={true}
    keyboard={true}
    modalTransition={
      Object {
        "timeout": 300,
      }
    }
    onClosed={[Function]}
    onOpened={[Function]}
    role="dialog"
    zIndex={1050}
  >
    <ModalHeader
      charCode={215}
      closeAriaLabel="Close"
      tag="h5"
      wrapTag="div"
    >
      Robot Simulator Info
    </ModalHeader>
    <ModalBody
      tag="div"
    >
      <FormGroup
        row={true}
        tag="div"
      >
        <Label
          for="exampleEmail"
          sm={2}
          tag="label"
          widths={
            Array [
              "xs",
              "sm",
              "md",
              "lg",
              "xl",
            ]
          }
        >
          Rows
        </Label>
        <Col
          sm={4}
          tag="div"
          widths={
            Array [
              "xs",
              "sm",
              "md",
              "lg",
              "xl",
            ]
          }
        >
          <Input
            id="commandInput"
            onChange={[Function]}
            placeholder="Rows..."
            type="text"
          />
        </Col>
        <Label
          for="exampleEmail"
          sm={2}
          tag="label"
          widths={
            Array [
              "xs",
              "sm",
              "md",
              "lg",
              "xl",
            ]
          }
        >
          Cols
        </Label>
        <Col
          sm={4}
          tag="div"
          widths={
            Array [
              "xs",
              "sm",
              "md",
              "lg",
              "xl",
            ]
          }
        >
          <Input
            id="commandInput"
            onChange={[Function]}
            placeholder="Cols..."
            type="text"
          />
        </Col>
      </FormGroup>
    </ModalBody>
    <ModalFooter
      tag="div"
    >
      <Button
        color="info"
        onClick={[Function]}
        tag="button"
      >
        Update
      </Button>
    </ModalFooter>
  </Modal>
</div>
`;
